// Jest Snapshot v1, https://goo.gl/fbAQLP

exports[`DisplayInfo matches a snapshot 1`] = `
<section>
  <header />
  <div>
    <h4>
      Followers: 
    </h4>
    <h5>
      Following: 
    </h5>
  </div>
  <p>
    <a />
  </p>
</section>
`;
