// Jest Snapshot v1, https://goo.gl/fbAQLP

exports[`UserInput matches snapshot 1`] = `
<form
  onSubmit={[Function]}
>
  <input
    onChange={[Function]}
    type="text"
    value="testUsername"
  />
  <button>
     Submit 
  </button>
</form>
`;
